// Jest Snapshot v1, https://goo.gl/fbAQLP

exports[`Carrito Rental LogIn snapshot test 1`] = `
Object {
  "asFragment": [Function],
  "baseElement": <body>
    <div>
      <div
        class="vh-100 text-center bg-warning d-flex flex-column justify-content-center"
      >
        <div>
          <img
            alt="Carrito Logo"
            class="carrito-splash-pic"
            id="slide"
            src="carrito-splash.png"
          />
        </div>
        <div
          class="align-self-center"
          id="login_field"
        >
          <div
            class="input-group mb-5 username"
          >
            <span
              class="input-group-text"
            >
              @
            </span>
            <input
              class="form-control"
              id="loginInput"
              placeholder="Username"
              type="text"
            />
          </div>
        </div>
        <div
          class="input-group mb-5 align-self-center username text-center justify-content-center"
        >
          <button
            class="btn btn-dark btn-sm mx-1"
            id="loginBtn"
            type="button"
          >
            Log in
          </button>
          <button
            class="btn btn-dark btn-sm mx-1"
            type="button"
          >
            Sign Up
          </button>
        </div>
      </div>
    </div>
  </body>,
  "container": <div>
    <div
      class="vh-100 text-center bg-warning d-flex flex-column justify-content-center"
    >
      <div>
        <img
          alt="Carrito Logo"
          class="carrito-splash-pic"
          id="slide"
          src="carrito-splash.png"
        />
      </div>
      <div
        class="align-self-center"
        id="login_field"
      >
        <div
          class="input-group mb-5 username"
        >
          <span
            class="input-group-text"
          >
            @
          </span>
          <input
            class="form-control"
            id="loginInput"
            placeholder="Username"
            type="text"
          />
        </div>
      </div>
      <div
        class="input-group mb-5 align-self-center username text-center justify-content-center"
      >
        <button
          class="btn btn-dark btn-sm mx-1"
          id="loginBtn"
          type="button"
        >
          Log in
        </button>
        <button
          class="btn btn-dark btn-sm mx-1"
          type="button"
        >
          Sign Up
        </button>
      </div>
    </div>
  </div>,
  "debug": [Function],
  "findAllByAltText": [Function],
  "findAllByDisplayValue": [Function],
  "findAllByLabelText": [Function],
  "findAllByPlaceholderText": [Function],
  "findAllByRole": [Function],
  "findAllByTestId": [Function],
  "findAllByText": [Function],
  "findAllByTitle": [Function],
  "findByAltText": [Function],
  "findByDisplayValue": [Function],
  "findByLabelText": [Function],
  "findByPlaceholderText": [Function],
  "findByRole": [Function],
  "findByTestId": [Function],
  "findByText": [Function],
  "findByTitle": [Function],
  "getAllByAltText": [Function],
  "getAllByDisplayValue": [Function],
  "getAllByLabelText": [Function],
  "getAllByPlaceholderText": [Function],
  "getAllByRole": [Function],
  "getAllByTestId": [Function],
  "getAllByText": [Function],
  "getAllByTitle": [Function],
  "getByAltText": [Function],
  "getByDisplayValue": [Function],
  "getByLabelText": [Function],
  "getByPlaceholderText": [Function],
  "getByRole": [Function],
  "getByTestId": [Function],
  "getByText": [Function],
  "getByTitle": [Function],
  "queryAllByAltText": [Function],
  "queryAllByDisplayValue": [Function],
  "queryAllByLabelText": [Function],
  "queryAllByPlaceholderText": [Function],
  "queryAllByRole": [Function],
  "queryAllByTestId": [Function],
  "queryAllByText": [Function],
  "queryAllByTitle": [Function],
  "queryByAltText": [Function],
  "queryByDisplayValue": [Function],
  "queryByLabelText": [Function],
  "queryByPlaceholderText": [Function],
  "queryByRole": [Function],
  "queryByTestId": [Function],
  "queryByText": [Function],
  "queryByTitle": [Function],
  "rerender": [Function],
  "unmount": [Function],
}
`;
